2026-09-12 10:32:54,988 | ERROR   |   ERR partido 2959151: No se encontró fecha/hora en el texto: '15.07.2025 , Davis Cup , -, -'
2026-09-12 10:33:02,922 | ERROR   | Error general del pipeline para 2025-07-15: connection already closed
2026-09-12 10:33:02,923 | ERROR   | No se pudo actualizar scrape_runs: cursor already closed
2026-09-12 10:36:22,892 | ERROR   |   ERR partido 2960119: No se encontró fecha/hora en el texto: '16.07.2025 , Davis Cup , -, -'
2026-09-12 10:36:25,910 | ERROR   |   ERR partido 2960107: No se encontró fecha/hora en el texto: '16.07.2025 , Davis Cup , -, -'
2026-09-12 10:36:26,389 | ERROR   |   ERR partido 2960109: No se encontró fecha/hora en el texto: '16.07.2025 , Davis Cup , -, -'
2026-09-12 10:36:27,321 | ERROR   |   ERR partido 2960117: No se encontró fecha/hora en el texto: '16.07.2025 , Davis Cup , -, -'
2026-09-12 10:36:29,507 | ERROR   |   ERR partido 2960111: No se encontró fecha/hora en el texto: '16.07.2025 , Davis Cup , -, -'
2026-09-12 10:36:33,729 | ERROR   |   ERR partido 2960115: No se encontró fecha/hora en el texto: '16.07.2025 , Davis Cup , -, -'
2026-09-12 10:42:36,666 | ERROR   |   ERR DB partido 2960121: invalid input value for enum surface_type: "unknown"
LINE 1: ... surface, level, start_date) VALUES ('Davis Cup', 'unknown',...
                                                             ^

2026-09-12 10:42:44,205 | ERROR   |   ERR DB partido 2960133: invalid input value for enum surface_type: "unknown"
LINE 1: ... surface, level, start_date) VALUES ('Davis Cup', 'unknown',...
                                                             ^

2026-09-12 10:42:49,760 | ERROR   |   ERR DB partido 2960129: invalid input value for enum surface_type: "unknown"
LINE 1: ... surface, level, start_date) VALUES ('Davis Cup', 'unknown',...
                                                             ^

2026-09-12 10:42:56,963 | ERROR   |   ERR DB partido 2960125: invalid input value for enum surface_type: "unknown"
LINE 1: ... surface, level, start_date) VALUES ('Davis Cup', 'unknown',...
                                                             ^

2026-09-12 10:43:02,963 | ERROR   |   ERR DB partido 2960105: invalid input value for enum surface_type: "unknown"
LINE 1: ... surface, level, start_date) VALUES ('Davis Cup', 'unknown',...
                                                             ^

2026-09-12 10:43:12,402 | ERROR   |   ERR DB partido 2960127: invalid input value for enum surface_type: "unknown"
LINE 1: ... surface, level, start_date) VALUES ('Davis Cup', 'unknown',...
                                                             ^

2026-09-12 10:43:19,866 | ERROR   |   ERR DB partido 2960123: invalid input value for enum surface_type: "unknown"
LINE 1: ... surface, level, start_date) VALUES ('Davis Cup', 'unknown',...
                                                             ^

2026-09-12 10:43:26,888 | ERROR   |   ERR DB partido 2960103: invalid input value for enum surface_type: "unknown"
LINE 1: ... surface, level, start_date) VALUES ('Davis Cup', 'unknown',...
                                                             ^

2026-09-12 10:43:31,949 | ERROR   |   ERR DB partido 2960131: invalid input value for enum surface_type: "unknown"
LINE 1: ... surface, level, start_date) VALUES ('Davis Cup', 'unknown',...
                                                             ^

2026-09-12 10:43:42,041 | ERROR   |   ERR DB partido 2960113: invalid input value for enum surface_type: "unknown"
LINE 1: ... surface, level, start_date) VALUES ('Davis Cup', 'unknown',...
                                                             ^

2026-09-12 10:46:56,068 | ERROR   |   ERR partido 2961305: No se encontró fecha/hora en el texto: '17.07.2025 , World University Games , 2. round, -'
2026-09-12 10:47:01,302 | ERROR   |   ERR partido 2961291: No se encontró fecha/hora en el texto: '17.07.2025 , World University Games , 2. round, -'
2026-09-12 10:47:01,416 | ERROR   |   ERR partido 2961315: No se encontró fecha/hora en el texto: '17.07.2025 , World University Games , 2. round, -'
2026-09-12 10:47:03,005 | ERROR   |   ERR partido 2961283: No se encontró fecha/hora en el texto: '17.07.2025 , World University Games , 1. round, -'
2026-09-12 10:47:03,253 | ERROR   |   ERR partido 2961289: No se encontró fecha/hora en el texto: '17.07.2025 , World University Games , 1. round, -'
2026-09-12 10:47:06,497 | ERROR   |   ERR partido 2961303: No se encontró fecha/hora en el texto: '17.07.2025 , World University Games , 2. round, -'
2026-09-12 10:47:08,843 | ERROR   |   ERR partido 2961299: No se encontró fecha/hora en el texto: '17.07.2025 , World University Games , 2. round, -'
2026-09-12 10:47:08,962 | ERROR   |   ERR partido 2961311: No se encontró fecha/hora en el texto: '17.07.2025 , World University Games , 2. round, -'
2026-09-12 10:47:09,299 | ERROR   |   ERR partido 2961313: No se encontró fecha/hora en el texto: '17.07.2025 , World University Games , 2. round, -'
2026-09-12 10:47:10,922 | ERROR   |   ERR partido 2961307: No se encontró fecha/hora en el texto: '17.07.2025 , World University Games , 2. round, -'
2026-09-12 10:47:15,491 | ERROR   |   ERR partido 2961323: No se encontró fecha/hora en el texto: '17.07.2025 , World University Games , 2. round, -'
2026-09-12 10:47:15,624 | ERROR   |   ERR partido 2961281: No se encontró fecha/hora en el texto: '17.07.2025 , World University Games , 1. round, -'
2026-09-12 10:47:16,134 | ERROR   |   ERR partido 2961293: No se encontró fecha/hora en el texto: '17.07.2025 , World University Games , 2. round, -'
2026-09-12 10:47:17,146 | ERROR   |   ERR partido 2961317: No se encontró fecha/hora en el texto: '17.07.2025 , World University Games , 2. round, -'
2026-09-12 10:47:20,945 | ERROR   |   ERR partido 2961297: No se encontró fecha/hora en el texto: '17.07.2025 , World University Games , 2. round, -'
2026-09-12 10:47:21,219 | ERROR   |   ERR partido 2961285: No se encontró fecha/hora en el texto: '17.07.2025 , World University Games , 1. round, -'
2026-09-12 10:47:22,455 | ERROR   |   ERR partido 2961287: No se encontró fecha/hora en el texto: '17.07.2025 , World University Games , 1. round, -'
2026-09-12 10:47:23,282 | ERROR   |   ERR partido 2961295: No se encontró fecha/hora en el texto: '17.07.2025 , World University Games , 2. round, -'
2026-09-12 10:47:27,836 | ERROR   |   ERR partido 2961301: No se encontró fecha/hora en el texto: '17.07.2025 , World University Games , 2. round, -'
2026-09-12 10:47:29,194 | ERROR   |   ERR partido 2961319: No se encontró fecha/hora en el texto: '17.07.2025 , World University Games , 2. round, -'
2026-09-12 10:47:29,372 | ERROR   |   ERR partido 2961321: No se encontró fecha/hora en el texto: '17.07.2025 , World University Games , 2. round, -'
2026-09-12 10:47:32,224 | ERROR   |   ERR partido 2961309: No se encontró fecha/hora en el texto: '17.07.2025 , World University Games , 2. round, -'
2026-09-12 10:47:44,997 | ERROR   |   ERR partido 2961325: No se encontró fecha/hora en el texto: '17.07.2025 , World University Games , 2. round, -'
2026-09-12 10:48:05,319 | ERROR   |   ERR partido 2960883: No se encontró fecha/hora en el texto: '17.07.2025 , Davis Cup , -, -'
2026-09-12 10:48:06,777 | ERROR   |   ERR partido 2960887: No se encontró fecha/hora en el texto: '17.07.2025 , Davis Cup , -, -'
2026-09-12 10:48:07,329 | ERROR   |   ERR partido 2960885: No se encontró fecha/hora en el texto: '17.07.2025 , Davis Cup , -, -'
2026-09-12 10:48:08,421 | ERROR   |   ERR partido 2960889: No se encontró fecha/hora en el texto: '17.07.2025 , Davis Cup , -, -'
2026-09-12 10:55:26,363 | ERROR   |   ERR DB partido 2960905: invalid input value for enum surface_type: "unknown"
LINE 1: ... surface, level, start_date) VALUES ('Davis Cup', 'unknown',...
                                                             ^

2026-09-12 10:55:37,865 | ERROR   |   ERR DB partido 2960909: invalid input value for enum surface_type: "unknown"
LINE 1: ... surface, level, start_date) VALUES ('Davis Cup', 'unknown',...
                                                             ^

2026-09-12 10:55:46,543 | ERROR   |   ERR DB partido 2960913: invalid input value for enum surface_type: "unknown"
LINE 1: ... surface, level, start_date) VALUES ('Davis Cup', 'unknown',...
                                                             ^

2026-09-12 10:55:53,091 | ERROR   |   ERR DB partido 2960917: invalid input value for enum surface_type: "unknown"
LINE 1: ... surface, level, start_date) VALUES ('Davis Cup', 'unknown',...
                                                             ^

2026-09-12 10:55:58,364 | ERROR   |   ERR DB partido 2960911: invalid input value for enum surface_type: "unknown"
LINE 1: ... surface, level, start_date) VALUES ('Davis Cup', 'unknown',...
                                                             ^

2026-09-12 10:56:08,649 | ERROR   |   ERR DB partido 2960907: invalid input value for enum surface_type: "unknown"
LINE 1: ... surface, level, start_date) VALUES ('Davis Cup', 'unknown',...
                                                             ^

2026-09-12 10:56:18,558 | ERROR   |   ERR DB partido 2960915: invalid input value for enum surface_type: "unknown"
LINE 1: ... surface, level, start_date) VALUES ('Davis Cup', 'unknown',...
                                                             ^

2026-09-12 10:56:27,075 | ERROR   |   ERR DB partido 2960849: invalid input value for enum surface_type: "unknown"
LINE 1: ... surface, level, start_date) VALUES ('Davis Cup', 'unknown',...
                                                             ^

2026-09-12 10:56:36,585 | ERROR   |   ERR DB partido 2960845: invalid input value for enum surface_type: "unknown"
LINE 1: ... surface, level, start_date) VALUES ('Davis Cup', 'unknown',...
                                                             ^

2026-09-12 10:56:52,521 | ERROR   |   ERR DB partido 2960847: invalid input value for enum surface_type: "unknown"
LINE 1: ... surface, level, start_date) VALUES ('Davis Cup', 'unknown',...
                                                             ^

2026-09-12 10:57:06,946 | ERROR   |   ERR DB partido 2960881: invalid input value for enum surface_type: "unknown"
LINE 1: ... surface, level, start_date) VALUES ('Davis Cup', 'unknown',...
                                                             ^

2026-09-12 10:57:21,469 | ERROR   |   ERR DB partido 2960903: invalid input value for enum surface_type: "unknown"
LINE 1: ... surface, level, start_date) VALUES ('Davis Cup', 'unknown',...
                                                             ^

2026-09-12 10:58:27,802 | ERROR   | Error general del pipeline para 2025-07-18: HTTPSConnectionPool(host='www.tennisexplorer.com', port=443): Max retries exceeded with url: /results/?type=all&year=2025&month=07&day=18 (Caused by ConnectTimeoutError(<HTTPSConnection(host='www.tennisexplorer.com', port=443) at 0x2c6d1cefed0>, 'Connection to www.tennisexplorer.com timed out. (connect timeout=15)'))
2026-09-12 11:00:00,238 | ERROR   |   ERR partido 2962093: No se encontró fecha/hora en el texto: '19.07.2025 , World University Games , 3. round, -'
2026-09-12 11:00:04,367 | ERROR   |   ERR partido 2962089: No se encontró fecha/hora en el texto: '19.07.2025 , World University Games , 3. round, -'
2026-09-12 11:00:04,626 | ERROR   |   ERR partido 2962087: No se encontró fecha/hora en el texto: '19.07.2025 , World University Games , 3. round, -'
2026-09-12 11:00:05,297 | ERROR   |   ERR partido 2962095: No se encontró fecha/hora en el texto: '19.07.2025 , World University Games , 3. round, -'
2026-09-12 11:00:08,683 | ERROR   |   ERR partido 2962091: No se encontró fecha/hora en el texto: '19.07.2025 , World University Games , 3. round, -'
2026-09-12 11:00:10,070 | ERROR   |   ERR partido 2962099: No se encontró fecha/hora en el texto: '19.07.2025 , World University Games , 3. round, -'
2026-09-12 11:00:10,340 | ERROR   |   ERR partido 2962097: No se encontró fecha/hora en el texto: '19.07.2025 , World University Games , 3. round, -'
2026-09-12 11:00:11,194 | ERROR   |   ERR partido 2962071: No se encontró fecha/hora en el texto: '19.07.2025 , World University Games , 2. round, -'
2026-09-12 11:00:13,285 | ERROR   |   ERR partido 2962069: No se encontró fecha/hora en el texto: '19.07.2025 , World University Games , 2. round, -'
2026-09-12 11:00:29,188 | ERROR   |   ERR partido 2962233: No se encontró fecha/hora en el texto: '19.07.2025 , Davis Cup , -, -'
2026-09-12 11:00:31,322 | ERROR   |   ERR partido 2962229: No se encontró fecha/hora en el texto: '19.07.2025 , Davis Cup , -, -'
2026-09-12 11:00:33,816 | ERROR   |   ERR partido 2962231: No se encontró fecha/hora en el texto: '19.07.2025 , Davis Cup , -, -'
2026-09-12 11:00:34,098 | ERROR   |   ERR partido 2962261: No se encontró fecha/hora en el texto: '19.07.2025 , Davis Cup , -, -'
2026-09-12 11:00:35,807 | ERROR   |   ERR partido 2962227: No se encontró fecha/hora en el texto: '19.07.2025 , Davis Cup , -, -'
2026-09-12 11:04:32,436 | ERROR   |   ERR DB partido 2962269: invalid input value for enum surface_type: "unknown"
LINE 1: ... surface, level, start_date) VALUES ('Davis Cup', 'unknown',...
                                                             ^

2026-09-12 11:04:35,855 | ERROR   |   ERR DB partido 2962273: invalid input value for enum surface_type: "unknown"
LINE 1: ... surface, level, start_date) VALUES ('Davis Cup', 'unknown',...
                                                             ^

2026-09-12 11:04:41,383 | ERROR   |   ERR DB partido 2962265: invalid input value for enum surface_type: "unknown"
LINE 1: ... surface, level, start_date) VALUES ('Davis Cup', 'unknown',...
                                                             ^

2026-09-12 11:04:52,820 | ERROR   |   ERR DB partido 2962277: invalid input value for enum surface_type: "unknown"
LINE 1: ... surface, level, start_date) VALUES ('Davis Cup', 'unknown',...
                                                             ^

2026-09-12 11:05:07,957 | ERROR   |   ERR DB partido 2962271: invalid input value for enum surface_type: "unknown"
LINE 1: ... surface, level, start_date) VALUES ('Davis Cup', 'unknown',...
                                                             ^

2026-09-12 11:05:11,672 | ERROR   |   ERR DB partido 2962275: invalid input value for enum surface_type: "unknown"
LINE 1: ... surface, level, start_date) VALUES ('Davis Cup', 'unknown',...
                                                             ^

2026-09-12 11:05:19,874 | ERROR   |   ERR DB partido 2962267: invalid input value for enum surface_type: "unknown"
LINE 1: ... surface, level, start_date) VALUES ('Davis Cup', 'unknown',...
                                                             ^

2026-09-12 11:05:29,577 | ERROR   |   ERR DB partido 2962263: invalid input value for enum surface_type: "unknown"
LINE 1: ... surface, level, start_date) VALUES ('Davis Cup', 'unknown',...
                                                             ^

2026-09-12 11:05:37,868 | ERROR   |   ERR DB partido 2962191: invalid input value for enum surface_type: "unknown"
LINE 1: ... surface, level, start_date) VALUES ('Davis Cup', 'unknown',...
                                                             ^

2026-09-12 11:05:48,890 | ERROR   |   ERR DB partido 2962189: invalid input value for enum surface_type: "unknown"
LINE 1: ... surface, level, start_date) VALUES ('Davis Cup', 'unknown',...
                                                             ^

2026-09-12 11:05:57,918 | ERROR   |   ERR DB partido 2962235: invalid input value for enum surface_type: "unknown"
LINE 1: ... surface, level, start_date) VALUES ('Davis Cup', 'unknown',...
                                                             ^

2026-09-12 11:10:37,311 | ERROR   |   ERR partido 2975033: No se encontró fecha/hora en el texto: '20.07.2025 , Bundesliga - men , -, clay'
2026-09-12 11:10:38,094 | ERROR   |   ERR partido 2974855: No se encontró fecha/hora en el texto: '20.07.2025 , Bundesliga - men , -, clay'
2026-09-12 11:10:41,628 | ERROR   |   ERR partido 2975067: No se encontró fecha/hora en el texto: '20.07.2025 , Bundesliga - men , -, clay'
2026-09-12 11:10:42,866 | ERROR   |   ERR partido 2975045: No se encontró fecha/hora en el texto: '20.07.2025 , Bundesliga - men , -, clay'
2026-09-12 11:10:46,989 | ERROR   |   ERR partido 2974847: No se encontró fecha/hora en el texto: '20.07.2025 , Bundesliga - men , -, clay'
2026-09-12 11:10:47,233 | ERROR   |   ERR partido 2974865: No se encontró fecha/hora en el texto: '20.07.2025 , Bundesliga - men , -, clay'
2026-09-12 11:10:47,365 | ERROR   |   ERR partido 2974873: No se encontró fecha/hora en el texto: '20.07.2025 , Bundesliga - men , -, clay'
2026-09-12 11:10:50,332 | ERROR   |   ERR partido 2974815: No se encontró fecha/hora en el texto: '20.07.2025 , Bundesliga - men , -, clay'
2026-09-12 11:10:55,507 | ERROR   |   ERR partido 2974853: No se encontró fecha/hora en el texto: '20.07.2025 , Bundesliga - men , -, clay'
2026-09-12 11:10:56,135 | ERROR   |   ERR partido 2975061: No se encontró fecha/hora en el texto: '20.07.2025 , Bundesliga - men , -, clay'
2026-09-12 11:11:01,324 | ERROR   |   ERR partido 2975043: No se encontró fecha/hora en el texto: '20.07.2025 , Bundesliga - men , -, clay'
2026-09-12 11:11:02,225 | ERROR   |   ERR partido 2974849: No se encontró fecha/hora en el texto: '20.07.2025 , Bundesliga - men , -, clay'
2026-09-12 11:11:03,106 | ERROR   |   ERR partido 2975053: No se encontró fecha/hora en el texto: '20.07.2025 , Bundesliga - men , -, clay'
2026-09-12 11:11:04,702 | ERROR   |   ERR partido 2974819: No se encontró fecha/hora en el texto: '20.07.2025 , Bundesliga - men , -, clay'
2026-09-12 11:11:07,920 | ERROR   |   ERR partido 2974879: No se encontró fecha/hora en el texto: '20.07.2025 , Bundesliga - men , -, clay'
2026-09-12 11:11:10,361 | ERROR   |   ERR partido 2975069: No se encontró fecha/hora en el texto: '20.07.2025 , Bundesliga - men , -, clay'
2026-09-12 11:11:10,976 | ERROR   |   ERR partido 2975041: No se encontró fecha/hora en el texto: '20.07.2025 , Bundesliga - men , -, clay'
2026-09-12 11:11:11,098 | ERROR   |   ERR partido 2974823: No se encontró fecha/hora en el texto: '20.07.2025 , Bundesliga - men , -, clay'
2026-09-12 11:11:18,137 | ERROR   |   ERR partido 2974867: No se encontró fecha/hora en el texto: '20.07.2025 , Bundesliga - men , -, clay'
2026-09-12 11:11:18,368 | ERROR   |   ERR partido 2974817: No se encontró fecha/hora en el texto: '20.07.2025 , Bundesliga - men , -, clay'
2026-09-12 11:11:19,891 | ERROR   |   ERR partido 2974875: No se encontró fecha/hora en el texto: '20.07.2025 , Bundesliga - men , -, clay'
2026-09-12 11:11:26,387 | ERROR   |   ERR partido 2975065: No se encontró fecha/hora en el texto: '20.07.2025 , Bundesliga - men , -, clay'
2026-09-12 11:11:36,733 | ERROR   |   ERR partido 2975087: No se encontró fecha/hora en el texto: '20.07.2025 , Bundesliga - men , -, clay'
2026-09-12 11:11:40,213 | ERROR   |   ERR partido 2974859: No se encontró fecha/hora en el texto: '20.07.2025 , Bundesliga - men , -, clay'
2026-09-12 11:11:45,872 | ERROR   |   ERR partido 2975037: No se encontró fecha/hora en el texto: '20.07.2025 , Bundesliga - men , -, clay'
2026-09-12 11:11:49,676 | ERROR   |   ERR partido 2975039: No se encontró fecha/hora en el texto: '20.07.2025 , Bundesliga - men , -, clay'
2026-09-12 11:11:51,682 | ERROR   |   ERR partido 2975081: No se encontró fecha/hora en el texto: '20.07.2025 , Bundesliga - men , -, clay'
2026-09-12 11:11:54,020 | ERROR   |   ERR partido 2975031: No se encontró fecha/hora en el texto: '20.07.2025 , Bundesliga - men , -, clay'
2026-09-12 11:11:54,149 | ERROR   |   ERR partido 2974751: No se encontró fecha/hora en el texto: '20.07.2025 , Bundesliga - men , -, clay'
2026-09-12 11:12:02,283 | ERROR   |   ERR partido 2974831: No se encontró fecha/hora en el texto: '20.07.2025 , Bundesliga - men , -, clay'
2026-09-12 11:12:03,971 | ERROR   |   ERR partido 2974843: No se encontró fecha/hora en el texto: '20.07.2025 , Bundesliga - men , -, clay'
2026-09-12 11:12:06,877 | ERROR   |   ERR partido 2974857: No se encontró fecha/hora en el texto: '20.07.2025 , Bundesliga - men , -, clay'
2026-09-12 11:12:11,282 | ERROR   |   ERR partido 2974839: No se encontró fecha/hora en el texto: '20.07.2025 , Bundesliga - men , -, clay'
2026-09-12 11:12:13,538 | ERROR   |   ERR partido 2975063: No se encontró fecha/hora en el texto: '20.07.2025 , Bundesliga - men , -, clay'
2026-09-12 11:12:15,201 | ERROR   |   ERR partido 2974765: No se encontró fecha/hora en el texto: '20.07.2025 , Bundesliga - men , -, clay'
2026-09-12 11:12:18,240 | ERROR   |   ERR partido 2974825: No se encontró fecha/hora en el texto: '20.07.2025 , Bundesliga - men , -, clay'
2026-09-12 11:12:20,692 | ERROR   |   ERR partido 2974757: No se encontró fecha/hora en el texto: '20.07.2025 , Bundesliga - men , -, clay'
2026-09-12 11:12:21,725 | ERROR   |   ERR partido 2974829: No se encontró fecha/hora en el texto: '20.07.2025 , Bundesliga - men , -, clay'
2026-09-12 11:12:23,591 | ERROR   |   ERR partido 2975035: No se encontró fecha/hora en el texto: '20.07.2025 , Bundesliga - men , -, clay'
2026-09-12 11:12:26,156 | ERROR   |   ERR partido 2975073: No se encontró fecha/hora en el texto: '20.07.2025 , Bundesliga - men , -, clay'
2026-09-12 11:12:28,691 | ERROR   |   ERR partido 2974833: No se encontró fecha/hora en el texto: '20.07.2025 , Bundesliga - men , -, clay'
2026-09-12 11:12:28,960 | ERROR   |   ERR partido 2974881: No se encontró fecha/hora en el texto: '20.07.2025 , Bundesliga - men , -, clay'
2026-09-12 11:12:31,855 | ERROR   |   ERR partido 2975085: No se encontró fecha/hora en el texto: '20.07.2025 , Bundesliga - men , -, clay'
2026-09-12 11:12:32,880 | ERROR   |   ERR partido 2975075: No se encontró fecha/hora en el texto: '20.07.2025 , Bundesliga - men , -, clay'
2026-09-12 11:12:34,353 | ERROR   |   ERR partido 2974863: No se encontró fecha/hora en el texto: '20.07.2025 , Bundesliga - men , -, clay'
2026-09-12 11:12:34,720 | ERROR   |   ERR partido 2975083: No se encontró fecha/hora en el texto: '20.07.2025 , Bundesliga - men , -, clay'
2026-09-12 11:12:42,745 | ERROR   |   ERR partido 2974877: No se encontró fecha/hora en el texto: '20.07.2025 , Bundesliga - men , -, clay'
2026-09-12 11:12:42,841 | ERROR   |   ERR partido 2974883: No se encontró fecha/hora en el texto: '20.07.2025 , Bundesliga - men , -, clay'
2026-09-12 11:12:43,074 | ERROR   |   ERR partido 2974753: No se encontró fecha/hora en el texto: '20.07.2025 , Bundesliga - men , -, clay'
2026-09-12 11:12:44,689 | ERROR   |   ERR partido 2974749: No se encontró fecha/hora en el texto: '20.07.2025 , Bundesliga - men , -, clay'
2026-09-12 11:12:49,212 | ERROR   |   ERR partido 2974871: No se encontró fecha/hora en el texto: '20.07.2025 , Bundesliga - men , -, clay'
2026-09-12 11:12:49,580 | ERROR   |   ERR partido 2975071: No se encontró fecha/hora en el texto: '20.07.2025 , Bundesliga - men , -, clay'
2026-09-12 11:12:49,793 | ERROR   |   ERR partido 2974759: No se encontró fecha/hora en el texto: '20.07.2025 , Bundesliga - men , -, clay'
2026-09-12 11:12:51,608 | ERROR   |   ERR partido 2974827: No se encontró fecha/hora en el texto: '20.07.2025 , Bundesliga - men , -, clay'
2026-09-12 11:12:57,058 | ERROR   |   ERR partido 2975077: No se encontró fecha/hora en el texto: '20.07.2025 , Bundesliga - men , -, clay'
2026-09-12 11:12:58,014 | ERROR   |   ERR partido 2975047: No se encontró fecha/hora en el texto: '20.07.2025 , Bundesliga - men , -, clay'
2026-09-12 11:12:58,158 | ERROR   |   ERR partido 2974835: No se encontró fecha/hora en el texto: '20.07.2025 , Bundesliga - men , -, clay'
2026-09-12 11:12:58,385 | ERROR   |   ERR partido 2975057: No se encontró fecha/hora en el texto: '20.07.2025 , Bundesliga - men , -, clay'
2026-09-12 11:13:05,229 | ERROR   |   ERR partido 2975051: No se encontró fecha/hora en el texto: '20.07.2025 , Bundesliga - men , -, clay'
2026-09-12 11:13:10,744 | ERROR   |   ERR partido 2975089: No se encontró fecha/hora en el texto: '20.07.2025 , Bundesliga - men , -, clay'
2026-09-12 11:13:12,880 | ERROR   |   ERR partido 2974837: No se encontró fecha/hora en el texto: '20.07.2025 , Bundesliga - men , -, clay'
2026-09-12 11:13:15,297 | ERROR   |   ERR partido 2974845: No se encontró fecha/hora en el texto: '20.07.2025 , Bundesliga - men , -, clay'
2026-09-12 11:13:16,357 | ERROR   |   ERR partido 2975049: No se encontró fecha/hora en el texto: '20.07.2025 , Bundesliga - men , -, clay'
2026-09-12 11:13:16,507 | ERROR   |   ERR partido 2974763: No se encontró fecha/hora en el texto: '20.07.2025 , Bundesliga - men , -, clay'
2026-09-12 11:13:19,478 | ERROR   |   ERR partido 2974761: No se encontró fecha/hora en el texto: '20.07.2025 , Bundesliga - men , -, clay'
2026-09-12 11:13:20,883 | ERROR   |   ERR partido 2974869: No se encontró fecha/hora en el texto: '20.07.2025 , Bundesliga - men , -, clay'
2026-09-12 11:13:21,549 | ERROR   |   ERR partido 2974755: No se encontró fecha/hora en el texto: '20.07.2025 , Bundesliga - men , -, clay'
2026-09-12 11:13:25,890 | ERROR   |   ERR partido 2974841: No se encontró fecha/hora en el texto: '20.07.2025 , Bundesliga - men , -, clay'
2026-09-12 11:13:26,257 | ERROR   |   ERR partido 2975059: No se encontró fecha/hora en el texto: '20.07.2025 , Bundesliga - men , -, clay'
2026-09-12 11:13:27,383 | ERROR   |   ERR partido 2975079: No se encontró fecha/hora en el texto: '20.07.2025 , Bundesliga - men , -, clay'
2026-09-12 11:13:32,328 | ERROR   |   ERR partido 2975055: No se encontró fecha/hora en el texto: '20.07.2025 , Bundesliga - men , -, clay'
2026-09-12 11:13:33,409 | ERROR   |   ERR partido 2974851: No se encontró fecha/hora en el texto: '20.07.2025 , Bundesliga - men , -, clay'
2026-09-12 11:13:34,725 | ERROR   |   ERR partido 2974821: No se encontró fecha/hora en el texto: '20.07.2025 , Bundesliga - men , -, clay'
2026-09-12 11:13:49,971 | ERROR   |   ERR partido 2974861: No se encontró fecha/hora en el texto: '20.07.2025 , Bundesliga - men , -, clay'
2026-09-12 11:13:53,133 | ERROR   |   ERR partido 2962081: No se encontró fecha/hora en el texto: '20.07.2025 , World University Games , 3. round, -'
2026-09-12 11:13:53,411 | ERROR   |   ERR partido 2963245: No se encontró fecha/hora en el texto: '20.07.2025 , World University Games , 3. round, -'
2026-09-12 11:13:53,787 | ERROR   |   ERR partido 2962075: No se encontró fecha/hora en el texto: '20.07.2025 , World University Games , 3. round, -'
2026-09-12 11:13:56,095 | ERROR   |   ERR partido 2962073: No se encontró fecha/hora en el texto: '20.07.2025 , World University Games , 3. round, -'
2026-09-12 11:14:02,860 | ERROR   |   ERR partido 2962085: No se encontró fecha/hora en el texto: '20.07.2025 , World University Games , 3. round, -'
2026-09-12 11:14:06,484 | ERROR   |   ERR partido 2963243: No se encontró fecha/hora en el texto: '20.07.2025 , World University Games , 3. round, -'
2026-09-12 11:14:08,946 | ERROR   |   ERR partido 2962077: No se encontró fecha/hora en el texto: '20.07.2025 , World University Games , 3. round, -'
2026-09-12 11:14:09,213 | ERROR   |   ERR partido 2962079: No se encontró fecha/hora en el texto: '20.07.2025 , World University Games , 3. round, -'
2026-09-12 11:14:21,574 | ERROR   |   ERR partido 2962083: No se encontró fecha/hora en el texto: '20.07.2025 , World University Games , 3. round, -'
